2023-09-29 19:18:18 - ********** AFH Red 05 - $0.10 / $0.25 **********
***** # Hand: 2
                     “Berez@13__-DE
                        o 
     Nareon-CO                        sb  _ CGGCG-SB
                       bb 
                        BB 
|KH| |QS| 
State.BB_DE 
[<Location.Top: 2>] 
2023-09-29 19:18:18 - -I- Allin: (2165, 1312)
2023-09-29 19:18:38 - ********** AFH Red 05 - $0.10 / $0.25 **********
***** # Hand: 3
                     ~ Berez@13-CO
                        
     Nareon-BB  bb                       o  - CGGCG-DE
                       sb 
                        SB 
|8S| |7C| 
State.SB_DE 
[<Location.Right: 3>] 
2023-09-29 19:18:38 - -I- Fold: (1990, 1323)
2023-09-29 19:18:53 - ********** AFH Red 05 - $0.10 / $0.25 **********
***** # Hand: 4
                     “Berez@13__-BB
                        bb 
     Nareon-SB  sb                        _ CGGCG-CO
                       o 
                        DE 
|KH| |10H| 
State.DE 
[] 
2023-09-29 19:18:53 - -I- Allin: (2165, 1321)
2023-09-29 19:19:10 - ********** AFH Red 05 - $0.10 / $0.25 **********
***** # Hand: 5
                     “Berez@13__-SB
                        sb 
     Nareon-DE  o                       bb  - CGGCG-BB
                       
                        CO 
|7C| |3H| 
State.CO 
[] 
2023-09-29 19:19:10 - -I- Fold: (1981, 1317)
2023-09-29 19:19:42 - ********** AFH Red 05 - $0.10 / $0.25 **********
***** # Hand: 6
                     ~ Berez@13-DE
                        o 
     Nareon-CO                         - CGGCG-SB
                       bb 
                        BB 
|4D| |2D| 
State.BB_CO_SB 
[<Location.Right: 3>, <Location.Left: 1>] 
2023-09-29 19:19:42 - -I- Fold: (1991, 1320)
2023-09-29 19:20:02 - ********** AFH Red 05 - $0.10 / $0.25 **********
***** # Hand: 7
                     ~ Berez@13-CO
                        
     Nareon-BB  bb                       o  _ CGGCG-DE
                       sb 
                        SB 
|AD| |3D| 
State.SB 
[] 
2023-09-29 19:20:02 - -I- Allin: (2146, 1317)
2023-09-29 19:20:20 - ********** AFH Red 05 - $0.10 / $0.25 **********
***** # Hand: 8
                     “Berez@13__-BB
                        bb 
     Nareon-SB  sb                        _ CGGCG-CO
                       o 
                        DE 
|QD| |JC| 
State.DE 
[] 
2023-09-29 19:20:20 - -I- Allin: (2167, 1319)
2023-09-29 19:20:34 - ********** AFH Red 05 - $0.10 / $0.25 **********
***** # Hand: 9
                     “Berez@13__-SB
                        sb 
     Nareon-DE  o                       bb  - CGGCG-BB
                       
                        CO 
|KC| |7H| 
State.CO 
[] 
2023-09-29 19:20:34 - -I- Fold: (1991, 1318)
2023-09-29 19:21:07 - ********** AFH Red 05 - $0.10 / $0.25 **********
***** # Hand: 10
                     “Berez@13__-DE
                        o 
     Nareon-CO                         - CGGCG-SB
                       bb 
                        BB 
|9S| |8H| 
State.BB_DE_SB 
[<Location.Top: 2>, <Location.Right: 3>] 
2023-09-29 19:21:07 - -I- Fold: (1973, 1318)
2023-09-29 19:21:35 - ********** AFH Red 05 - $0.10 / $0.25 **********
***** # Hand: 11
                     “Berez@13__-CO
                        
     Nareon-BB  bb                       o  _ CGGCG-DE
                       sb 
                        SB 
|JH| |8S| 
State.SB_CO 
[<Location.Top: 2>] 
2023-09-29 19:21:35 - -I- Fold: (2009, 1324)
2023-09-29 19:21:55 - ********** AFH Red 05 - $0.10 / $0.25 **********
***** # Hand: 12
                     “Berez@13__-BB
                        bb 
     Nareon-SB  sb                        - CGGCG-CO
                       o 
                        DE 
|8C| |2S| 
State.DE_CO 
[<Location.Right: 3>] 
2023-09-29 19:21:55 - -I- Fold: (1965, 1318)
2023-09-29 19:22:18 - ********** AFH Red 05 - $0.10 / $0.25 **********
***** # Hand: 13
                     “Berez@13__-SB
                        sb 
     Nareon-DE  o                       bb  - CGGCG-BB
                       
                        CO 
|JS| |3D| 
State.CO 
[] 
2023-09-29 19:22:18 - -I- Fold: (2011, 1315)
2023-09-29 19:22:49 - ********** AFH Red 05 - $0.10 / $0.25 **********
***** # Hand: 14
                     ~ Berez@13-DE
                        o 
     Nareon-CO                        sb  _ CGGCG-SB
                       bb 
                        BB 
|6D| |4D| 
State.BB_CO 
[<Location.Left: 1>] 
2023-09-29 19:22:49 - -I- Fold: (1973, 1322)
2023-09-29 19:23:03 - ********** AFH Red 05 - $0.10 / $0.25 **********
***** # Hand: 15
                     “Berez@13__-CO
                        
     Nareon-BB  bb                       o  _ CGGCG-DE
                       sb 
                        SB 
|QH| |4S| 
State.SB_CO 
[<Location.Top: 2>] 
2023-09-29 19:23:03 - -I- Fold: (2002, 1314)
2023-09-29 19:23:17 - ********** AFH Red 05 - $0.10 / $0.25 **********
***** # Hand: 16
                     “Berez@13__-BB
                        bb 
     Nareon-SB  sb                        - CGGCG-CO
                       o 
                        DE 
|10D| |4S| 
State.DE_CO 
[<Location.Right: 3>] 
2023-09-29 19:23:17 - -I- Fold: (2000, 1323)
2023-09-29 19:23:29 - ********** AFH Red 05 - $0.10 / $0.25 **********
***** # Hand: 17
                     “Berez@13__-SB
                        sb 
     Nareon-DE  o                       bb  - CGGCG-BB
                       
                        CO 
|AC| |8H| 
State.CO 
[] 
2023-09-29 19:23:29 - -I- Allin: (2168, 1315)
2023-09-29 19:23:49 - ********** AFH Red 05 - $0.10 / $0.25 **********
***** # Hand: 18
                     “Berez@13__-DE
                        o 
     Nareon-CO                        sb  _ CGGCG-SB
                       bb 
                        BB 
|AH| |4C| 
State.BB_DE 
[<Location.Top: 2>] 
2023-09-29 19:23:49 - -I- Allin: (2165, 1315)
2023-09-29 19:24:10 - ********** AFH Red 05 - $0.10 / $0.25 **********
***** # Hand: 19
                     “Berez@13__-CO
                        
     Nareon-BB  bb                       o  _ CGGCG-DE
                       sb 
                        SB 
|AH| |2D| 
State.SB_CO 
[<Location.Top: 2>] 
2023-09-29 19:24:10 - -I- Fold: (2012, 1322)
2023-09-29 19:24:35 - ********** AFH Red 05 - $0.10 / $0.25 **********
***** # Hand: 20
                     “Berez@13__-BB
                        bb 
     Nareon-SB  sb                        _ CGGCG-CO
                       o 
                        DE 
|QS| |JS| 
State.DE 
[] 
2023-09-29 19:24:35 - -I- Allin: (2151, 1318)
2023-09-29 19:24:55 - ********** AFH Red 05 - $0.10 / $0.25 **********
***** # Hand: 21
                     “Berez@13__-SB
                        sb 
     Nareon-DE  o                       bb  - CGGCG-BB
                       
                        CO 
|AS| |8H| 
State.CO 
[] 
2023-09-29 19:24:55 - -I- Allin: (2161, 1317)
2023-09-29 19:25:41 - ********** AFH Red 05 - $0.10 / $0.25 **********
***** # Hand: 23
                     “Berez@13__-CO
                        
     Nareon-BB  bb                       o  _ CGGCG-DE
                       sb 
                        SB 
|AD| |QC| 
State.SB_CO 
[<Location.Top: 2>] 
2023-09-29 19:25:41 - -I- Allin: (2153, 1321)
2023-09-29 19:26:01 - ********** AFH Red 05 - $0.10 / $0.25 **********
***** # Hand: 24
                     “Berez@13__-BB
                        bb 
     Nareon-SB  sb                        - CGGCG-CO
                       o 
                        DE 
|QH| |JC| 
State.DE_CO 
[<Location.Right: 3>] 
2023-09-29 19:26:01 - -I- Fold: (1986, 1328)
2023-09-29 19:26:16 - ********** AFH Red 05 - $0.10 / $0.25 **********
***** # Hand: 25
                     “Berez@13__-SB
                        sb 
     Nareon-DE  o                       bb  - CGGCG-BB
                       
                        CO 
|10D| |8C| 
State.CO 
[] 
2023-09-29 19:26:16 - -I- Fold: (1999, 1317)
2023-09-29 19:26:38 - ********** AFH Red 05 - $0.10 / $0.25 **********
***** # Hand: 26
                     - Berez@13-CO
                        
     Nareon-BB  bb                       o  _ CGGCG-DE
                       sb 
                        SB 
|8C| |2S| 
State.SB 
[] 
2023-09-29 19:26:38 - -I- Fold: (2021, 1326)
2023-09-29 19:26:48 - ********** AFH Red 05 - $0.10 / $0.25 **********
***** # Hand: 27
                     -XX
                        
     Nareon-SB  sb                       bb  - CGGCG-BB
                       o 
                        DE 
|8S| |6C| 
State.DE 
[] 
2023-09-29 19:26:48 - -I- Fold: (1995, 1321)
2023-09-29 19:27:13 - ********** AFH Red 05 - $0.10 / $0.25 **********
***** # Hand: 29
                     -CO
                        
     Nareon-BB  bb                       o  _ CGGCG-DE
                       sb 
                        SB 
|KH| |JC| 
State.SB 
[] 
2023-09-29 19:27:13 - -I- Allin: (2170, 1315)
2023-09-29 19:27:24 - ********** AFH Red 05 - $0.10 / $0.25 **********
***** # Hand: 30
                     ~ Ktthua-XX
                        
     Nareon-SB  sb                       bb  - CGGCG-BB
                       o 
                        DE 
|AH| |KD| 
State.DE 
[] 
2023-09-29 19:27:24 - -I- Allin: (2170, 1321)
2023-09-29 19:27:46 - ********** AFH Red 05 - $0.10 / $0.25 **********
***** # Hand: 31
                     ~ Ktthua-XX
                        
     Nareon-DE  o                        - CGGCG-SB
                       bb 
                        BB 
|10C| |5S| 
State.BB_DE_SB 
[<Location.Right: 3>, <Location.Left: 1>] 
2023-09-29 19:27:46 - -I- Fold: (1985, 1315)
2023-09-29 19:28:06 - ********** AFH Red 05 - $0.10 / $0.25 **********
***** # Hand: 32
                     ~ Ktthua-CO
                        
     Nareon-BB  bb                       o  _ CGGCG-DE
                       sb 
                        SB 
|QC| |7H| 
State.SB_CO 
[<Location.Top: 2>] 
2023-09-29 19:28:06 - -I- Fold: (1993, 1319)
2023-09-29 19:28:19 - ********** AFH Red 05 - $0.10 / $0.25 **********
***** # Hand: 33
                     ~ Ktthua-BB
                        bb 
     Nareon-SB  sb                        - CGGCG-CO
                       o 
                        DE 
|8C| |6D| 
State.DE_CO 
[<Location.Right: 3>] 
2023-09-29 19:28:19 - -I- Fold: (1987, 1317)
2023-09-29 19:28:40 - ********** AFH Red 05 - $0.10 / $0.25 **********
***** # Hand: 34
                     ~ Ktthua-SB
                        sb 
     Nareon-DE  o                       bb  - CGGCG-BB
                       
                        CO 
|QS| |JS| 
State.CO 
[] 
2023-09-29 19:28:40 - -I- Allin: (2147, 1318)
2023-09-29 19:28:58 - ********** AFH Red 05 - $0.10 / $0.25 **********
***** # Hand: 35
                     ~ Ktthua-DE
                        o 
     Nareon-CO                        sb  _ CGGCG-SB
                       bb 
                        BB 
|QC| |8C| 
State.BB_CO_DE 
[<Location.Top: 2>, <Location.Left: 1>] 
2023-09-29 19:28:58 - -I- Fold: (2002, 1313)
2023-09-29 19:29:18 - ********** AFH Red 05 - $0.10 / $0.25 **********
***** # Hand: 36
                     ~ Ktthua-CO
                        
     Nareon-BB  bb                       o  _ CGGCG-DE
                       sb 
                        SB 
|JD| |9S| 
State.SB_CO 
[<Location.Top: 2>] 
2023-09-29 19:29:18 - -I- Fold: (1979, 1317)
2023-09-29 19:29:34 - ********** AFH Red 05 - $0.10 / $0.25 **********
***** # Hand: 37
                     ~ Ktthua-BB
                        bb 
     Nareon-SB  sb                        - CGGCG-CO
                       o 
                        DE 
|9H| |4D| 
State.DE_CO 
[<Location.Right: 3>] 
2023-09-29 19:29:34 - -I- Fold: (2002, 1317)
2023-09-29 19:29:54 - ********** AFH Red 05 - $0.10 / $0.25 **********
***** # Hand: 38
                     ~ Ktthua-SB
                        sb 
     Nareon-DE  o                       bb  - CGGCG-BB
                       
                        CO 
|8D| |5S| 
State.CO 
[] 
2023-09-29 19:29:54 - -I- Fold: (1995, 1313)
2023-09-29 19:30:15 - ********** AFH Red 05 - $0.10 / $0.25 **********
***** # Hand: 39
                     -CO
                        
     Nareon-BB  bb                       o  - CGGCG-DE
                       sb 
                        SB 
|9H| |6H| 
State.SB_DE 
[<Location.Right: 3>] 
2023-09-29 19:30:15 - -I- Fold: (1999, 1321)
2023-09-29 19:30:28 - ********** AFH Red 05 - $0.10 / $0.25 **********
***** # Hand: 40
                     nnozr-BB
                        bb 
     Nareon-SB  sb                        - CGGCG-CO
                       o 
                        DE 
|8D| |4C| 
State.DE_CO 
[<Location.Right: 3>] 
2023-09-29 19:30:28 - -I- Fold: (1985, 1315)
2023-09-29 19:30:44 - ********** AFH Red 05 - $0.10 / $0.25 **********
***** # Hand: 41
                     nnozr-SB
                        sb 
     Nareon-DE  o                       bb  - CGGCG-BB
                       
                        CO 
|JC| |6D| 
State.CO 
[] 
2023-09-29 19:30:44 - -I- Fold: (1993, 1314)
2023-09-29 19:31:07 - ********** AFH Red 05 - $0.10 / $0.25 **********
***** # Hand: 42
                     nnozr-DE
                        o 
     Nareon-CO                         - CGGCG-SB
                       bb 
                        BB 
|8H| |6H| 
State.BB_SB 
[<Location.Right: 3>] 
2023-09-29 19:31:07 - -I- Allin: (2157, 1321)
2023-09-29 19:31:28 - ********** AFH Red 05 - $0.10 / $0.25 **********
***** # Hand: 43
                     nnozr-CO
                        
     Nareon-BB  bb                       o  - CGGCG-DE
                       sb 
                        SB 
|5D| |4C| 
State.SB_DE 
[<Location.Right: 3>] 
2023-09-29 19:31:28 - -I- Fold: (2014, 1320)
2023-09-29 19:31:41 - ********** AFH Red 05 - $0.10 / $0.25 **********
***** # Hand: 44
                     nnozr-BB
                        bb 
     Nareon-SB  sb                        - CGGCG-CO
                       o 
                        DE 
|7C| |6C| 
State.DE_CO 
[<Location.Right: 3>] 
2023-09-29 19:31:41 - -I- Allin: (2163, 1317)
2023-09-29 19:31:58 - ********** AFH Red 05 - $0.10 / $0.25 **********
***** # Hand: 45
                     nnozr-SB
                        sb 
     Nareon-DE  o                       bb  - CGGCG-BB
                       
                        CO 
|9H| |7D| 
State.CO 
[] 
2023-09-29 19:31:58 - -I- Fold: (1988, 1315)
2023-09-29 19:32:24 - ********** AFH Red 05 - $0.10 / $0.25 **********
***** # Hand: 46
                     nnozr-DE
                        o 
     Nareon-CO                         - CGGCG-SB
                       bb 
                        BB 
|9C| |6S| 
State.BB_SB 
[<Location.Right: 3>] 
2023-09-29 19:32:24 - -I- Fold: (1988, 1319)
2023-09-29 19:32:39 - ********** AFH Red 05 - $0.10 / $0.25 **********
***** # Hand: 47
                     nnozr-CO
                        
     Nareon-BB  bb                       o  _ CGGCG-DE
                       sb 
                        SB 
|JH| |6C| 
State.SB_CO 
[<Location.Top: 2>] 
2023-09-29 19:32:39 - -I- Fold: (1991, 1318)
2023-09-29 19:32:53 - ********** AFH Red 05 - $0.10 / $0.25 **********
***** # Hand: 48
                     nnozr-BB
                        bb 
     Nareon-SB  sb                        _ CGGCG-CO
                       o 
                        DE 
|9C| |2H| 
State.DE 
[] 
2023-09-29 19:32:53 - -I- Fold: (1994, 1323)
2023-09-29 19:33:04 - ********** AFH Red 05 - $0.10 / $0.25 **********
***** # Hand: 49
                     nnozr-SB
                        sb 
     Nareon-DE  o                       bb  - CGGCG-BB
                       
                        CO 
|8S| |8C| 
State.CO 
[] 
2023-09-29 19:33:04 - -I- Allin: (2176, 1313)
2023-09-29 19:33:32 - ********** AFH Red 05 - $0.10 / $0.25 **********
***** # Hand: 51
                     nnozr-CO
                        
     Nareon-BB  bb                       o  _ CGGCG-DE
                       sb 
                        SB 
|8C| |7H| 
State.SB 
[] 
2023-09-29 19:33:32 - -I- Fold: (1988, 1321)
2023-09-29 19:33:46 - ********** AFH Red 05 - $0.10 / $0.25 **********
***** # Hand: 52
                     nnozr-BB
                        bb 
     Nareon-SB  sb                        _ CGGCG-CO
                       o 
                        DE 
|10D| |7S| 
State.DE 
[] 
2023-09-29 19:33:46 - -I- Fold: (2001, 1317)
2023-09-29 19:33:57 - ********** AFH Red 05 - $0.10 / $0.25 **********
***** # Hand: 53
                     nnozr-SB
                        sb 
     Nareon-DE  o                       bb  - CGGCG-BB
                       
                        CO 
|AD| |JC| 
State.CO 
[] 
2023-09-29 19:33:57 - -I- Allin: (2169, 1315)
2023-09-29 19:34:27 - ********** AFH Red 05 - $0.10 / $0.25 **********
***** # Hand: 54
                     nnozr-DE
                        o 
     Nareon-CO                        sb  _ CGGCG-SB
                       bb 
                        BB 
|KH| |5D| 
State.BB_DE 
[<Location.Top: 2>] 
2023-09-29 19:34:27 - -I- Fold: (1958, 1320)
2023-09-29 19:34:41 - ********** AFH Red 05 - $0.10 / $0.25 **********
***** # Hand: 55
                     nnozr-CO
                        
     Nareon-BB  bb                       o  _ CGGCG-DE
                       sb 
                        SB 
|AC| |KH| 
State.SB 
[] 
2023-09-29 19:34:41 - -I- Allin: (2164, 1328)
2023-09-29 19:35:04 - ********** AFH Red 05 - $0.10 / $0.25 **********
***** # Hand: 56
                     nnozr-BB
                        bb 
     Nareon-SB  sb                        - CGGCG-CO
                       o 
                        DE 
|10S| |3S| 
State.DE_CO 
[<Location.Right: 3>] 
2023-09-29 19:35:04 - -I- Fold: (2003, 1319)
2023-09-29 19:35:14 - ********** AFH Red 05 - $0.10 / $0.25 **********
***** # Hand: 57
                     nnozr-SB
                        sb 
     Nareon-DE  o                       bb  - CGGCG-BB
                       
                        CO 
|QH| |2H| 
State.CO 
[] 
2023-09-29 19:35:14 - -I- Fold: (1995, 1317)
2023-09-29 19:35:28 - ********** AFH Red 05 - $0.10 / $0.25 **********
***** # Hand: 58
                     nnozr-DE
                        o 
     Nareon-CO                         - CGGCG-SB
                       bb 
                        BB 
|AH| |10C| 
State.BB_CO_SB 
[<Location.Right: 3>, <Location.Left: 1>] 
2023-09-29 19:35:28 - -I- Allin: (2156, 1322)
2023-09-29 19:35:48 - ********** AFH Red 05 - $0.10 / $0.25 **********
***** # Hand: 59
                     nnozr-CO
                        
     Nareon-BB  bb                       o  _ CGGCG-DE
                       sb 
                        SB 
|AH| |JC| 
State.SB 
[] 
2023-09-29 19:35:48 - -I- Allin: (2163, 1322)
2023-09-29 19:36:05 - ********** AFH Red 05 - $0.10 / $0.25 **********
***** # Hand: 60
                     nnozr-BB
                        bb 
     Nareon-SB  sb                        - CGGCG-CO
                       o 
                        DE 
|JC| |10C| 
State.DE_CO 
[<Location.Right: 3>] 
2023-09-29 19:36:05 - -I- Allin: (2149, 1311)
2023-09-29 19:36:23 - ********** AFH Red 05 - $0.10 / $0.25 **********
***** # Hand: 61
                     nnozr-SB
                        sb 
     Nareon-DE  o                       bb  - CGGCG-BB
                       
                        CO 
|9D| |7S| 
State.CO 
[] 
2023-09-29 19:36:23 - -I- Fold: (2001, 1315)
2023-09-29 19:36:40 - ********** AFH Red 05 - $0.10 / $0.25 **********
***** # Hand: 62
                     nnozr-DE
                        o 
     Nareon-CO                        sb  _ CGGCG-SB
                       bb 
                        BB 
|9H| |7D| 
State.BB_CO 
[<Location.Left: 1>] 
2023-09-29 19:36:40 - -I- Fold: (1981, 1317)
2023-09-29 19:36:54 - ********** AFH Red 05 - $0.10 / $0.25 **********
***** # Hand: 63
                     nnozr-CO
                        
     Nareon-BB  bb                       o  - CGGCG-DE
                       sb 
                        SB 
|AD| |5C| 
State.SB_DE 
[<Location.Right: 3>] 
2023-09-29 19:36:54 - -I- Allin: (2172, 1322)
2023-09-29 19:37:12 - ********** AFH Red 05 - $0.10 / $0.25 **********
***** # Hand: 64
                     nnozr-BB
                        bb 
     Nareon-SB  sb                        - CGGCG-CO
                       o 
                        DE 
|9S| |2D| 
State.DE_CO 
[<Location.Right: 3>] 
2023-09-29 19:37:12 - -I- Fold: (1982, 1324)
2023-09-29 19:37:37 - ********** AFH Red 05 - $0.10 / $0.25 **********
***** # Hand: 65
                     nnozr-SB
                        sb 
     Nareon-DE  o                       bb  - CGGCG-BB
                       
                        CO 
|7C| |4H| 
State.CO 
[] 
2023-09-29 19:37:37 - -I- Fold: (2000, 1328)
2023-09-29 19:38:01 - ********** AFH Red 05 - $0.10 / $0.25 **********
***** # Hand: 66
                     nnozr-DE
                        o 
     Nareon-CO                         - CGGCG-SB
                       bb 
                        BB 
|3H| |2C| 
State.BB_CO_DE_SB 
[<Location.Top: 2>, <Location.Right: 3>, <Location.Left: 1>] 
2023-09-29 19:38:01 - -I- Fold: (1978, 1324)
2023-09-29 19:38:21 - ********** AFH Red 05 - $0.10 / $0.25 **********
***** # Hand: 67
                     nnozr-CO
                        
     Nareon-BB  bb                       o  _ CGGCG-DE
                       sb 
                        SB 
|JS| |10H| 
State.SB_CO 
[<Location.Top: 2>] 
2023-09-29 19:38:21 - -I- Fold: (1982, 1318)
2023-09-29 19:38:43 - ********** AFH Red 05 - $0.10 / $0.25 **********
***** # Hand: 68
                     nnozr-BB
                        bb 
     Nareon-SB  sb                        - CGGCG-CO
                       o 
                        DE 
|AS| |QS| 
State.DE_CO 
[<Location.Right: 3>] 
2023-09-29 19:38:43 - -I- Allin: (2165, 1316)
2023-09-29 19:39:06 - ********** AFH Red 05 - $0.10 / $0.25 **********
***** # Hand: 69
                     nnozr-SB
                        sb 
     Nareon-DE  o                       bb  - CGGCG-BB
                       
                        CO 
|10S| |7D| 
State.CO 
[] 
2023-09-29 19:39:06 - -I- Fold: (2010, 1310)
2023-09-29 19:39:40 - ********** AFH Red 05 - $0.10 / $0.25 **********
***** # Hand: 71
                     nnozr-CO
                        
     Nareon-BB  bb                       o  _ CGGCG-DE
                       sb 
                        SB 
|9S| |5C| 
State.SB_CO 
[<Location.Top: 2>] 
2023-09-29 19:39:40 - -I- Fold: (1978, 1314)
2023-09-29 19:40:00 - ********** AFH Red 05 - $0.10 / $0.25 **********
***** # Hand: 72
                     nnozr-BB
                        bb 
     Nareon-SB  sb                        _ CGGCG-CO
                       o 
                        DE 
|AH| |2S| 
State.DE 
[] 
2023-09-29 19:40:00 - -I- Allin: (2166, 1318)
2023-09-29 19:40:25 - ********** AFH Red 05 - $0.10 / $0.25 **********
***** # Hand: 73
                     nnozr-SB
                        sb 
     Nareon-DE  o                       bb  - CGGCG-BB
                       
                        CO 
|8S| |8C| 
State.CO 
[] 
2023-09-29 19:40:25 - -I- Allin: (2170, 1317)
2023-09-29 19:40:48 - ********** AFH Red 05 - $0.10 / $0.25 **********
***** # Hand: 74
                     nnozr-DE
                        o 
     Nareon-CO                        sb  _ CGGCG-SB
                       bb 
                        BB 
|AD| |7D| 
State.BB_DE 
[<Location.Top: 2>] 
2023-09-29 19:40:48 - -I- Allin: (2172, 1318)
2023-09-29 19:41:09 - ********** AFH Red 05 - $0.10 / $0.25 **********
***** # Hand: 75
                     nnozr-CO
                        
     Nareon-BB  bb                       o  _ CGGCG-DE
                       sb 
                        SB 
|9C| |6S| 
State.SB 
[] 
2023-09-29 19:41:09 - -I- Fold: (1981, 1318)
2023-09-29 19:41:21 - ********** AFH Red 05 - $0.10 / $0.25 **********
***** # Hand: 76
                     nnozr-BB
                        bb 
     Nareon-SB  sb                        _ CGGCG-CO
                       o 
                        DE 
|AC| |3S| 
State.DE 
[] 
2023-09-29 19:41:21 - -I- Allin: (2157, 1316)
2023-09-29 19:41:40 - ********** AFH Red 05 - $0.10 / $0.25 **********
***** # Hand: 77
                     nnozr-SB
                        sb 
     Nareon-DE  o                       bb  - CGGCG-BB
                       
                        CO 
|10S| |4C| 
State.CO 
[] 
2023-09-29 19:41:40 - -I- Fold: (1986, 1319)
2023-09-29 19:42:08 - ********** AFH Red 05 - $0.10 / $0.25 **********
***** # Hand: 78
                     -CO
                        
     Nareon-BB  bb                       o  - CGGCG-DE
                       sb 
                        SB 
|QH| |8C| 
State.SB_DE 
[<Location.Right: 3>] 
2023-09-29 19:42:08 - -I- Fold: (1968, 1324)
2023-09-29 19:42:24 - ********** AFH Red 05 - $0.10 / $0.25 **********
***** # Hand: 79
                     -XX
                        
     Nareon-SB  sb                       bb  - CGGCG-BB
                       o 
                        DE 
|KS| |JD| 
State.DE 
[] 
2023-09-29 19:42:24 - -I- Allin: (2160, 1323)
2023-09-29 19:42:46 - ********** AFH Red 05 - $0.10 / $0.25 **********
***** # Hand: 80
                     -XX
                        
     Nareon-DE  o                       sb  _ CGGCG-SB
                       bb 
                        BB 
|KC| |10H| 
State.BB_DE 
[<Location.Left: 1>] 
2023-09-29 19:42:46 - -I- Allin: (2169, 1311)
2023-09-29 19:43:06 - ********** AFH Red 05 - $0.10 / $0.25 **********
***** # Hand: 81
                     bolivario-CO
                        
     Nareon-BB  bb                       o  - CGGCG-DE
                       sb 
                        SB 
|QS| |7D| 
State.SB_DE 
[<Location.Right: 3>] 
2023-09-29 19:43:06 - -I- Fold: (1990, 1318)
2023-09-29 19:43:26 - ********** AFH Red 05 - $0.10 / $0.25 **********
***** # Hand: 82
                     bolivario-BB
                        bb 
     Nareon-SB  sb                        _ CGGCG-CO
                       o 
                        DE 
|AC| |8C| 
State.DE 
[] 
2023-09-29 19:43:26 - -I- Allin: (2180, 1325)
2023-09-29 19:43:44 - ********** AFH Red 05 - $0.10 / $0.25 **********
***** # Hand: 83
                     bolivario-SB
                        sb 
     Nareon-DE  o                       bb  - CGGCG-BB
                       
                        CO 
|QS| |JD| 
State.CO 
[] 
2023-09-29 19:43:44 - -I- Allin: (2148, 1320)
2023-09-29 19:44:02 - ********** AFH Red 05 - $0.10 / $0.25 **********
***** # Hand: 84
                     bolivario-DE
                        o 
     Nareon-CO                        sb  _ CGGCG-SB
                       bb 
                        BB 
|JC| |4C| 
State.BB_CO_DE 
[<Location.Top: 2>, <Location.Left: 1>] 
2023-09-29 19:44:02 - -I- Fold: (1975, 1320)
2023-09-29 19:44:22 - ********** AFH Red 05 - $0.10 / $0.25 **********
***** # Hand: 85
                     bolivario-CO
                        
     Nareon-BB  bb                       o  - CGGCG-DE
                       sb 
                        SB 
|KD| |7H| 
State.SB_DE 
[<Location.Right: 3>] 
2023-09-29 19:44:22 - -I- Fold: (2015, 1321)
2023-09-29 19:44:39 - ********** AFH Red 05 - $0.10 / $0.25 **********
***** # Hand: 86
                     bolivario-BB
                        bb 
     Nareon-SB  sb                        - CGGCG-CO
                       o 
                        DE 
|KC| |QC| 
State.DE_CO 
[<Location.Right: 3>] 
2023-09-29 19:44:39 - -I- Allin: (2147, 1322)
2023-09-29 19:44:59 - ********** AFH Red 05 - $0.10 / $0.25 **********
***** # Hand: 87
                     bolivario-SB
                        sb 
     Nareon-DE  o                       bb  - CGGCG-BB
                       
                        CO 
|2D| |2C| 
State.CO 
[] 
2023-09-29 19:44:59 - -I- Allin: (2141, 1311)
2023-09-29 19:45:21 - ********** AFH Red 05 - $0.10 / $0.25 **********
***** # Hand: 88
                     bolivario-DE
                        o 
     Nareon-CO                        sb  _ CGGCG-SB
                       bb 
                        BB 
|6H| |4S| 
State.BB_CO 
[<Location.Left: 1>] 
2023-09-29 19:45:21 - -I- Fold: (1992, 1317)
2023-09-29 19:45:36 - ********** AFH Red 05 - $0.10 / $0.25 **********
***** # Hand: 89
                     bolivario-CO
                        
     Nareon-BB  bb                       o  - CGGCG-DE
                       sb 
                        SB 
|8D| |4C| 
State.SB_DE 
[<Location.Right: 3>] 
2023-09-29 19:45:36 - -I- Fold: (2006, 1320)
2023-09-29 19:45:48 - ********** AFH Red 05 - $0.10 / $0.25 **********
***** # Hand: 90
                     bolivario-BB
                        bb 
     Nareon-SB  sb                        _ CGGCG-CO
                       o 
                        DE 
|AH| |3S| 
State.DE 
[] 
2023-09-29 19:45:48 - -I- Allin: (2156, 1316)
2023-09-29 19:45:59 - ********** AFH Red 05 - $0.10 / $0.25 **********
***** # Hand: 91
                     bolivario-SB
                        sb 
     Nareon-DE  o                       bb  - CGGCG-BB
                       
                        CO 
|10D| |2H| 
State.CO 
[] 
2023-09-29 19:45:59 - -I- Fold: (1978, 1315)
2023-09-29 19:46:17 - ********** AFH Red 05 - $0.10 / $0.25 **********
***** # Hand: 92
                     bolivario-DE
                        o 
     Nareon-CO                         - CGGCG-SB
                       bb 
                        BB 
|4H| |2H| 
State.BB_SB 
[<Location.Right: 3>] 
2023-09-29 19:46:17 - -I- Fold: (1973, 1314)
2023-09-29 19:46:34 - ********** AFH Red 05 - $0.10 / $0.25 **********
***** # Hand: 93
                     bolivario-CO
                        
     Nareon-BB  bb                       o  - CGGCG-DE
                       sb 
                        SB 
|10H| |4D| 
State.SB_DE 
[<Location.Right: 3>] 
2023-09-29 19:46:34 - -I- Fold: (1999, 1319)
2023-09-29 19:46:48 - ********** AFH Red 05 - $0.10 / $0.25 **********
***** # Hand: 94
                     bolivario-BB
                        bb 
     Nareon-SB  sb                        _ CGGCG-CO
                       o 
                        DE 
|QS| |7S| 
State.DE 
[] 
2023-09-29 19:46:48 - -I- Fold: (1987, 1314)
2023-09-29 19:46:59 - ********** AFH Red 05 - $0.10 / $0.25 **********
***** # Hand: 95
                     bolivario-SB
                        sb 
     Nareon-DE  o                       bb  - CGGCG-BB
                       
                        CO 
|QD| |3H| 
State.CO 
[] 
2023-09-29 19:46:59 - -I- Fold: (2007, 1325)
2023-09-29 19:47:35 - ********** AFH Red 05 - $0.10 / $0.25 **********
***** # Hand: 96
                     bolivario-DE
                        o 
     Nareon-CO                        sb  - CGGCG-SB
                       bb 
                        BB 
|JS| |6C| 
State.BB_CO_DE 
[<Location.Top: 2>, <Location.Left: 1>] 
2023-09-29 19:47:35 - -I- Fold: (1984, 1312)
2023-09-29 19:47:58 - ********** AFH Red 05 - $0.10 / $0.25 **********
***** # Hand: 97
                     bolivario-CO
                        
     Nareon-BB  bb                       o  _ CGGCG-DE
                       sb 
                        SB 
|AS| |KH| 
State.SB_CO 
[<Location.Top: 2>] 
2023-09-29 19:47:58 - -I- Allin: (2152, 1317)
2023-09-29 19:48:19 - ********** AFH Red 05 - $0.10 / $0.25 **********
***** # Hand: 98
                     bolivario-BB
                        bb 
     Nareon-SB  sb                        - CGGCG-CO
                       o 
                        DE 
|AH| |4H| 
State.DE_CO 
[<Location.Right: 3>] 
2023-09-29 19:48:19 - -I- Allin: (2156, 1317)
2023-09-29 19:48:40 - ********** AFH Red 05 - $0.10 / $0.25 **********
***** # Hand: 99
                     bolivario-SB
                        sb 
     Nareon-DE  o                       bb  - CGGCG-BB
                       
                        CO 
|AH| |JS| 
State.CO 
[] 
2023-09-29 19:48:40 - -I- Allin: (2154, 1310)
2023-09-29 19:49:18 - ********** AFH Red 05 - $0.10 / $0.25 **********
***** # Hand: 101
                      bolivari-CO
                        
     Nareon-BB  bb                       o  _ CGGCG-DE
                       sb 
                        SB 
|JC| |9C| 
State.SB_CO 
[<Location.Top: 2>] 
2023-09-29 19:49:18 - -I- Allin: (2151, 1312)
2023-09-29 19:49:36 - ********** AFH Red 05 - $0.10 / $0.25 **********
***** # Hand: 102
                     bolivario-BB
                        bb 
     Nareon-SB  sb                        _ CGGCG-CO
                       o 
                        DE 
|9S| |4D| 
State.DE 
[] 
2023-09-29 19:49:36 - -I- Fold: (2009, 1319)
2023-09-29 19:49:47 - ********** AFH Red 05 - $0.10 / $0.25 **********
***** # Hand: 103
                     bolivario-SB
                        sb 
     Nareon-DE  o                       bb  - CGGCG-BB
                       
                        CO 
|8D| |6D| 
State.CO 
[] 
2023-09-29 19:49:47 - -I- Allin: (2173, 1314)
2023-09-29 19:50:19 - ********** AFH Red 05 - $0.10 / $0.25 **********
***** # Hand: 104
                     bolivario-DE
                        o 
     Nareon-CO                         - CGGCG-SB
                       bb 
                        BB 
|KH| |4C| 
State.BB_DE_SB 
[<Location.Top: 2>, <Location.Right: 3>] 
2023-09-29 19:50:19 - -I- Fold: (1999, 1313)
2023-09-29 19:50:39 - ********** AFH Red 05 - $0.10 / $0.25 **********
***** # Hand: 105
                     bolivario-CO
                        
     Nareon-BB  bb                       o  _ CGGCG-DE
                       sb 
                        SB 
|10C| |3S| 
State.SB 
[] 
2023-09-29 19:50:39 - -I- Fold: (1986, 1323)
2023-09-29 19:50:51 - ********** AFH Red 05 - $0.10 / $0.25 **********
***** # Hand: 106
                     bolivario-BB
                        bb 
     Nareon-SB  sb                        - CGGCG-CO
                       o 
                        DE 
|JC| |4D| 
State.DE_CO 
[<Location.Right: 3>] 
2023-09-29 19:50:51 - -I- Fold: (1980, 1317)
2023-09-29 19:51:02 - ********** AFH Red 05 - $0.10 / $0.25 **********
***** # Hand: 107
                     bolivario-SB
                        sb 
     Nareon-DE  o                       bb  - CGGCG-BB
                       
                        CO 
|10H| |5H| 
State.CO 
[] 
2023-09-29 19:51:02 - -I- Fold: (1983, 1321)
2023-09-29 19:51:25 - ********** AFH Red 05 - $0.10 / $0.25 **********
***** # Hand: 108
                     bolivario-DE
                        o 
     Nareon-CO                         - CGGCG-SB
                       bb 
                        BB 
|9C| |4H| 
State.BB_CO_SB 
[<Location.Right: 3>, <Location.Left: 1>] 
2023-09-29 19:51:25 - -I- Fold: (2003, 1320)
2023-09-29 19:51:47 - ********** AFH Red 05 - $0.10 / $0.25 **********
***** # Hand: 109
                      bolivari-CO
                        
     Nareon-BB  bb                       o  _ CGGCG-DE
                       sb 
                        SB 
|7C| |6S| 
State.SB_CO 
[<Location.Top: 2>] 
2023-09-29 19:51:47 - -I- Fold: (1998, 1316)
2023-09-29 19:52:09 - ********** AFH Red 05 - $0.10 / $0.25 **********
***** # Hand: 110
                      bolivari-BB
                        bb 
     Nareon-SB  sb                        - CGGCG-CO
                       o 
                        DE 
|KH| |7S| 
State.DE_CO 
[<Location.Right: 3>] 
2023-09-29 19:52:09 - -I- Fold: (1994, 1320)
2023-09-29 19:52:26 - ********** AFH Red 05 - $0.10 / $0.25 **********
***** # Hand: 111
                      bolivari-SB
                        sb 
     Nareon-DE  o                       bb  ~~ CGGCG-BB
                       
                        CO 
|7C| |6H| 
State.CO 
[] 
2023-09-29 19:52:26 - -I- Fold: (1991, 1315)
2023-09-29 19:52:45 - ********** AFH Red 05 - $0.10 / $0.25 **********
***** # Hand: 112
                      bolivari-DE
                        o 
     Nareon-CO                        sb  ~ CGGCG-SB
                       bb 
                        BB 
|10S| |7H| 
State.BB_DE 
[<Location.Top: 2>] 
2023-09-29 19:52:45 - -I- Fold: (1979, 1315)
2023-09-29 19:53:05 - ********** AFH Red 05 - $0.10 / $0.25 **********
***** # Hand: 113
                     bolivario-CO
                        
     Nareon-BB  bb                       o  _ CGGCG-DE
                       sb 
                        SB 
|8C| |5S| 
State.SB 
[] 
2023-09-29 19:53:05 - -I- Fold: (1996, 1320)
2023-09-29 19:53:18 - ********** AFH Red 05 - $0.10 / $0.25 **********
***** # Hand: 114
                      bolivari-BB
                        bb 
     Nareon-SB  sb                        _ CGGCG-CO
                       o 
                        DE 
|AH| |QS| 
State.DE 
[] 
2023-09-29 19:53:18 - -I- Allin: (2160, 1326)
2023-09-29 19:53:29 - ********** AFH Red 05 - $0.10 / $0.25 **********
***** # Hand: 115
                      bolivari-SB
                        sb 
     Nareon-DE  o                       bb  - CGGCG-BB
                       
                        CO 
|7C| |6S| 
State.CO 
[] 
2023-09-29 19:53:29 - -I- Fold: (1984, 1325)
2023-09-29 19:53:43 - ********** AFH Red 05 - $0.10 / $0.25 **********
***** # Hand: 116
                     bolivario-DE
                        o 
     Nareon-CO                        sb  _ CGGCG-SB
                       bb 
                        BB 
|JH| |7D| 
State.BB_CO 
[<Location.Left: 1>] 
2023-09-29 19:53:43 - -I- Fold: (2009, 1314)
2023-09-29 19:53:58 - ********** AFH Red 05 - $0.10 / $0.25 **********
***** # Hand: 117
                      bolivari-CO
                        
     Nareon-BB  bb                       o  _ CGGCG-DE
                       sb 
                        SB 
|KH| |4H| 
State.SB_CO 
[<Location.Top: 2>] 
2023-09-29 19:53:58 - -I- Fold: (2012, 1320)
2023-09-29 19:54:19 - ********** AFH Red 05 - $0.10 / $0.25 **********
***** # Hand: 118
                      bolivari-BB
                        bb 
     Nareon-SB  sb                        _ CGGCG-CO
                       o 
                        DE 
|QC| |JH| 
State.DE 
[] 
2023-09-29 19:54:19 - -I- Allin: (2168, 1319)
2023-09-29 19:54:36 - ********** AFH Red 05 - $0.10 / $0.25 **********
***** # Hand: 119
                     bolivario-SB
                        sb 
     Nareon-DE  o                       bb  - CGGCG-BB
                       
                        CO 
|KD| |9D| 
State.CO 
[] 
2023-09-29 19:54:36 - -I- Allin: (2165, 1320)
2023-09-29 19:55:02 - ********** AFH Red 05 - $0.10 / $0.25 **********
***** # Hand: 120
                     bolivario-DE
                        o 
     Nareon-CO                         - CGGCG-SB
                       bb 
                        BB 
|KH| |9H| 
State.BB_CO_DE_SB 
[<Location.Top: 2>, <Location.Right: 3>, <Location.Left: 1>] 
2023-09-29 19:55:02 - -I- Fold: (1971, 1314)
2023-09-29 19:55:24 - ********** AFH Red 05 - $0.10 / $0.25 **********
***** # Hand: 121
                     bolivario-CO
                        
     Nareon-BB  bb                       o  _ CGGCG-DE
                       sb 
                        SB 
|3H| |2H| 
State.SB_CO 
[<Location.Top: 2>] 
2023-09-29 19:55:24 - -I- Fold: (1994, 1314)
2023-09-29 19:55:38 - ********** AFH Red 05 - $0.10 / $0.25 **********
***** # Hand: 122
                     bolivario-BB
                        bb 
     Nareon-SB  sb                        _ CGGCG-CO
                       o 
                        DE 
|AD| |JH| 
State.DE 
[] 
2023-09-29 19:55:38 - -I- Allin: (2176, 1321)
2023-09-29 19:55:56 - ********** AFH Red 05 - $0.10 / $0.25 **********
***** # Hand: 123
                     bolivario-SB
                        sb 
     Nareon-DE  o                       bb  - CGGCG-BB
                       
                        CO 
|JD| |2H| 
State.CO 
[] 
2023-09-29 19:55:56 - -I- Fold: (1975, 1317)
2023-09-29 19:56:20 - ********** AFH Red 05 - $0.10 / $0.25 **********
***** # Hand: 124
                     bolivario-DE
                        o 
     Nareon-CO                         - CGGCG-SB
                       bb 
                        BB 
|4C| |3S| 
State.BB_CO_DE_SB 
[<Location.Top: 2>, <Location.Right: 3>, <Location.Left: 1>] 
2023-09-29 19:56:20 - -I- Fold: (2014, 1320)
2023-09-29 19:56:40 - ********** AFH Red 05 - $0.10 / $0.25 **********
***** # Hand: 125
                     bolivario-CO
                        
     Nareon-BB  bb                       o  - CGGCG-DE
                       sb 
                        SB 
|JH| |6S| 
State.SB_CO_DE 
[<Location.Top: 2>, <Location.Right: 3>] 
2023-09-29 19:56:40 - -I- Fold: (2000, 1322)
2023-09-29 19:57:05 - ********** AFH Red 05 - $0.10 / $0.25 **********
***** # Hand: 126
                     bolivario-BB
                        bb 
     Nareon-SB  sb                        - CGGCG-CO
                       o 
                        DE 
|AC| |3H| 
State.DE_CO 
[<Location.Right: 3>] 
2023-09-29 19:57:05 - -I- Fold: (2004, 1316)
2023-09-29 19:57:22 - ********** AFH Red 05 - $0.10 / $0.25 **********
***** # Hand: 127
                     bolivario-SB
                        sb 
     Nareon-DE  o                       bb  ~~ CGGCG-BB
                       
                        CO 
|AD| |3D| 
State.CO 
[] 
2023-09-29 19:57:22 - -I- Allin: (2165, 1321)
2023-09-29 19:57:43 - ********** AFH Red 05 - $0.10 / $0.25 **********
***** # Hand: 128
                     bolivario-DE
                        o 
     Nareon-CO                         ~~ CGGCG-SB
                       bb 
                        BB 
|9H| |5C| 
State.BB_CO_SB 
[<Location.Right: 3>, <Location.Left: 1>] 
2023-09-29 19:57:43 - -I- Fold: (1980, 1315)
2023-09-29 19:58:06 - ********** AFH Red 05 - $0.10 / $0.25 **********
***** # Hand: 129
                     bolivario-CO
                        
     Nareon-BB  bb                       o  - CGGCG-DE
                       sb 
                        SB 
|QD| |QC| 
State.SB_DE 
[<Location.Right: 3>] 
2023-09-29 19:58:06 - -I- Allin: (2136, 1313)
2023-09-29 19:58:28 - ********** AFH Red 05 - $0.10 / $0.25 **********
***** # Hand: 130
                     bolivario-BB
                        bb 
     Nareon-SB  sb                        - CGGCG-CO
                       o 
                        DE 
|KC| |6S| 
State.DE_CO 
[<Location.Right: 3>] 
2023-09-29 19:58:28 - -I- Fold: (1984, 1321)
2023-09-29 19:58:40 - ********** AFH Red 05 - $0.10 / $0.25 **********
***** # Hand: 131
                     bolivario-SB
                        sb 
     Nareon-DE  o                       bb  - CGGCG-BB
                       
                        CO 
|7C| |6C| 
State.CO 
[] 
2023-09-29 19:58:40 - -I- Allin: (2150, 1320)
2023-09-29 19:59:05 - ********** AFH Red 05 - $0.10 / $0.25 **********
***** # Hand: 132
                     bolivario-DE
                        o 
     Nareon-CO                         - CGGCG-SB
                       bb 
                        BB 
|6H| |4C| 
State.BB_SB 
[<Location.Right: 3>] 
2023-09-29 19:59:05 - -I- Fold: (2000, 1317)
2023-09-29 19:59:21 - ********** AFH Red 05 - $0.10 / $0.25 **********
***** # Hand: 133
                     bolivario-CO
                        
     Nareon-BB  bb                       o  _ CGGCG-DE
                       sb 
                        SB 
|5S| |3S| 
State.SB_CO 
[<Location.Top: 2>] 
2023-09-29 19:59:21 - -I- Fold: (1976, 1313)
2023-09-29 19:59:34 - ********** AFH Red 05 - $0.10 / $0.25 **********
***** # Hand: 134
                     bolivario-BB
                        bb 
     Nareon-SB  sb                        _ CGGCG-CO
                       o 
                        DE 
|9S| |3S| 
State.DE 
[] 
2023-09-29 19:59:34 - -I- Fold: (1995, 1319)
2023-09-29 19:59:45 - ********** AFH Red 05 - $0.10 / $0.25 **********
***** # Hand: 135
                     bolivario-SB
                        sb 
     Nareon-DE  o                       bb  - CGGCG-BB
                       
                        CO 
|QH| |6S| 
State.CO 
[] 
2023-09-29 19:59:45 - -I- Fold: (1998, 1321)
2023-09-29 20:00:01 - ********** AFH Red 05 - $0.10 / $0.25 **********
***** # Hand: 136
                     bolivario-DE
                        o 
     Nareon-CO                         - CGGCG-SB
                       bb 
                        BB 
|10D| |8H| 
State.BB_SB 
[<Location.Right: 3>] 
2023-09-29 20:00:01 - -I- Fold: (1983, 1311)
2023-09-29 20:00:17 - ********** AFH Red 05 - $0.10 / $0.25 **********
***** # Hand: 137
                     bolivario-CO
                        
     Nareon-BB  bb                       o  _ CGGCG-DE
                       sb 
                        SB 
|8H| |8C| 
State.SB_CO 
[<Location.Top: 2>] 
2023-09-29 20:00:17 - -I- Allin: (2158, 1319)
2023-09-29 20:00:37 - ********** AFH Red 05 - $0.10 / $0.25 **********
***** # Hand: 138
                     bolivario-BB
                        bb 
     Nareon-SB  sb                        - CGGCG-CO
                       o 
                        DE 
|AC| |4C| 
State.DE_CO 
[<Location.Right: 3>] 
2023-09-29 20:00:37 - -I- Allin: (2168, 1312)
2023-09-29 20:00:56 - ********** AFH Red 05 - $0.10 / $0.25 **********
***** # Hand: 139
                     bolivario-SB
                        sb 
     Nareon-DE  o                       bb  - CGGCG-BB
                       
                        CO 
|AC| |5C| 
State.CO 
[] 
2023-09-29 20:00:56 - -I- Allin: (2181, 1318)
2023-09-29 20:01:26 - ********** AFH Red 05 - $0.10 / $0.25 **********
***** # Hand: 140
                     bolivario-DE
                        o 
     Nareon-CO                         - CGGCG-SB
                       bb 
                        BB 
|JD| |5H| 
State.BB_DE_SB 
[<Location.Top: 2>, <Location.Right: 3>] 
2023-09-29 20:01:26 - -I- Fold: (1991, 1323)
2023-09-29 20:01:48 - ********** AFH Red 05 - $0.10 / $0.25 **********
***** # Hand: 141
                     bolivario-CO
                        
     Nareon-BB  bb                       o  _ CGGCG-DE
                       sb 
                        SB 
|AH| |JD| 
State.SB 
[] 
2023-09-29 20:01:48 - -I- Allin: (2158, 1325)
2023-09-29 20:01:58 - ********** AFH Red 05 - $0.10 / $0.25 **********
***** # Hand: 142
                     bolivario-XX
                        
     Nareon-BB  bb                        -XX
                       sb o 
                        SB 
|10C| |8H| 
State.SB 
[] 
2023-09-29 20:01:58 - -I- Allin: (2149, 1315)
2023-09-29 20:02:25 - ********** AFH Red 05 - $0.10 / $0.25 **********
***** # Hand: 143
                     bolivario-XX
                        
     Nareon-SB  o                        -XX
                       bb 
                        BB 
|6S| |2S| 
State.BB_SB 
[<Location.Left: 1>] 
2023-09-29 20:02:25 - -I- Fold: (1986, 1317)
2023-09-29 20:02:35 - ********** AFH Red 05 - $0.10 / $0.25 **********
***** # Hand: 144
                     bolivario-XX
                        
     Nareon-BB  bb                        -XX
                       sb o 
                        SB 
|JH| |6S| 
State.SB 
[] 
2023-09-29 20:02:35 - -I- Fold: (1995, 1320)
2023-09-29 20:02:53 - ********** AFH Red 05 - $0.10 / $0.25 **********
***** # Hand: 146
                     -XX
                        
     Nareon-BB  bb                        -XX
                       sb o 
                        SB 
|10H| |2H| 
State.SB 
[] 
2023-09-29 20:02:53 - -I- Fold: (1972, 1316)
2023-09-29 20:03:06 - ********** AFH Red 05 - $0.10 / $0.25 **********
***** # Hand: 147
                     -XX
                        
     Nareon-SB  o                        -XX
                       bb 
                        BB 
|QH| |3C| 
State.BB_SB 
[<Location.Left: 1>] 
2023-09-29 20:03:06 - -I- Fold: (2000, 1311)
2023-09-29 20:03:17 - ********** AFH Red 05 - $0.10 / $0.25 **********
***** # Hand: 148
                     -XX
                        
     Nareon-BB  bb                        -XX
                       sb o 
                        SB 
|KC| |QS| 
State.SB 
[] 
2023-09-29 20:03:17 - -I- Allin: (2149, 1321)
2023-09-29 20:03:45 - ********** AFH Red 05 - $0.10 / $0.25 **********
***** # Hand: 150
                     -XX
                        
     Nareon-BB  bb                        -XX
                       sb o 
                        SB 
|3S| |2D| 
State.SB 
[] 
2023-09-29 20:03:45 - -I- Fold: (1990, 1313)
2023-09-29 20:04:04 - ********** AFH Red 05 - $0.10 / $0.25 **********
***** # Hand: 152
                     -XX
                        
     Nareon-BB  bb                        -XX
                       sb o 
                        SB 
|QC| |4D| 
State.SB 
[] 
2023-09-29 20:04:04 - -I- Fold: (1988, 1317)
2023-09-29 20:04:16 - ********** AFH Red 05 - $0.10 / $0.25 **********
***** # Hand: 153
                     -XX
                        
     Nareon-SB  o                        -XX
                       bb 
                        BB 
|10S| |7D| 
State.BB_SB 
[<Location.Left: 1>] 
2023-09-29 20:04:16 - -I- Fold: (2002, 1315)
2023-09-29 20:04:28 - ********** AFH Red 05 - $0.10 / $0.25 **********
***** # Hand: 154
                     -XX
                        
     Nareon-BB  bb                        -XX
                       sb o 
                        SB 
|KD| |4H| 
State.SB 
[] 
2023-09-29 20:04:28 - -I- Allin: (2164, 1320)
2023-09-29 20:04:47 - ********** AFH Red 05 - $0.10 / $0.25 **********
***** # Hand: 155
                     -XX
                        
     Nareon-SB  o                        -XX
                       bb 
                        BB 
|AC| |QS| 
State.BB_SB 
[<Location.Left: 1>] 
2023-09-29 20:04:47 - -I- Allin: (2157, 1316)
2023-09-29 20:05:02 - -E- AFH Red 05 - $0.10 / $0.25 position not BB or SB or DE or CO
2023-09-29 20:05:02 - ********** AFH Red 05 - $0.10 / $0.25 **********
***** # Hand: 155
                     jippker211 =-BB
                        bb 
     Nareon-SB  sb o                        -XX
                       
                        XX 
|10H| |5D| 
None 
[] 
